[www.3blue1brown.com/blog/some1.html]
[backblue.gif]
[fade.gif]
[index.html]
[use.fontawesome.com/releases/v6.1.1/css/all.css]
[www.3blue1brown.com/blog/favicons/ios.2.delayed]
[www.3blue1brown.com/favicons/favicon.png]
[www.3blue1brown.com/_next/static/css/622848ff4b30c1956a8b.css]
[www.3blue1brown.com/_next/static/css/7ee8b23109d2f6046d70.css]
[www.3blue1brown.com/_next/static/css/508b31cd4862a55207ca.css]
[www.3blue1brown.com/_next/static/chunks/webpack-06b4e8735b591f9f2672.js]
[www.3blue1brown.com/_next/static/chunks/framework.bc6c2ec3e69fd2978ea6.js]
[www.3blue1brown.com/_next/static/chunks/commons.208ad5033da37dccf4c3.js]
[www.3blue1brown.com/_next/static/chunks/main-3714b5a7244acd786eda.js]
[www.3blue1brown.com/_next/static/chunks/2c5bbc8354af684dadf48493aef12e8f4509049f_CSS.0a0b70788b6411282e55.js]
[www.3blue1brown.com/_next/static/chunks/pages/_app-76171caeaf9f22b3b672.js]
[www.3blue1brown.com/_next/static/chunks/b5f2ed29.b31afee944bbc0d1d8d8.js]
[www.3blue1brown.com/_next/static/chunks/03768099e8e8d1bba11e419e84678c668d283287.e6ce23026cd4d83471d8.js]
[www.3blue1brown.com/_next/static/chunks/03768099e8e8d1bba11e419e84678c668d283287_CSS.a83a6a4548b93404854d.js]
[www.3blue1brown.com/_next/static/chunks/pages/blog/[slug]-43ada959be90e8b18b17.js]
[img.youtube.com/vi/ojjzXyQCzso/maxresdefault.jpg]
[3b1b-posts.us-east-1.linodeobjects.com/content/blog/some1/comic-1.png]
[3b1b-posts.us-east-1.linodeobjects.com/content/blog/some1/comic-2.png]
[3b1b-posts.us-east-1.linodeobjects.com/content/blog/some1/comic-3.png]
[3b1b-posts.us-east-1.linodeobjects.com/content/blog/some1/comic-4.png]
[www.3blue1brown.com/_next/static/chunks/polyfills-dd33024d0daf1a08f7e2.js]
[www.3blue1brown.com/_next/static/hufd_OwzWQrc5fSjC3t8D/_buildManifest.js]
[www.3blue1brown.com/_next/static/hufd_OwzWQrc5fSjC3t8D/_ssgManifest.js]
[www.3blue1brown.com/blog/some1.html]
[use.fontawesome.com/releases/v6.1.1/css/all.css]
[www.3blue1brown.com/blog/favicons/ios.html]
[www.3blue1brown.com/_next/static/css/622848ff4b30c1956a8b.css]
[www.3blue1brown.com/_next/static/css/7ee8b23109d2f6046d70.css]
[www.3blue1brown.com/_next/static/css/508b31cd4862a55207ca.css]
